// Jest Snapshot v1, https://goo.gl/fbAQLP

exports[`Sitemap Snapshot 1`] = `
"/, 
/angular, 
/flutter, 
/react, 
/react-native, 
/vue, 
/react/components, 
/react/guides, 
/angular/theming, 
/flutter/theming, 
/react/theming, 
/react-native/theming, 
/vue/theming, 
/react/connected-components/account-settings, 
/angular/connected-components/authenticator, 
/flutter/connected-components/authenticator, 
/react/connected-components/authenticator, 
/vue/connected-components/authenticator, 
/react/connected-components/geo, 
/react/connected-components/in-app-messaging, 
/react/connected-components/storage, 
/react/components/alert, 
/react/components/autocomplete, 
/react/components/badge, 
/react/components/button, 
/react/components/card, 
/react/components/checkboxfield, 
/react/components/collection, 
/react/components/divider, 
/react/components/expander, 
/react/components/flex, 
/react/components/grid, 
/react/components/heading, 
/react/components/highlightmatch, 
/react/components/icon, 
/react/components/image, 
/react/components/link, 
/react/components/loader, 
/react/components/menu, 
/react/components/pagination, 
/react/components/passwordfield, 
/react/components/phonenumberfield, 
/react/components/placeholder, 
/react/components/radiogroupfield, 
/react/components/rating, 
/react/components/scrollview, 
/react/components/searchfield, 
/react/components/selectfield, 
/react/components/sliderfield, 
/react/components/stepperfield, 
/react/components/switchfield, 
/react/components/table, 
/react/components/tabs, 
/react/components/text, 
/react/components/textareafield, 
/react/components/textfield, 
/react/components/togglebutton, 
/react/components/view, 
/react/components/visuallyhidden, 
/react/guides/auth-protected, 
/angular/guides/css-in-js, 
/react/guides/css-in-js, 
/vue/guides/css-in-js, 
/angular/getting-started/accessibility, 
/react/getting-started/accessibility, 
/vue/getting-started/accessibility, 
/react/getting-started/figma, 
/angular/getting-started/installation, 
/flutter/getting-started/installation, 
/react/getting-started/installation, 
/react-native/getting-started/installation, 
/vue/getting-started/installation, 
/react/getting-started/internationalization, 
/angular/getting-started/introduction, 
/flutter/getting-started/introduction, 
/react/getting-started/introduction, 
/react-native/getting-started/introduction, 
/vue/getting-started/introduction, 
/angular/getting-started/migration, 
/react/getting-started/migration, 
/vue/getting-started/migration, 
/angular/getting-started/troubleshooting, 
/react/getting-started/troubleshooting, 
/vue/getting-started/troubleshooting, 
/angular/getting-started/usage, 
/react/getting-started/usage, 
/react-native/getting-started/usage, 
/vue/getting-started/usage, 
/angular/theming/css-variables, 
/react/theming/css-variables, 
/vue/theming/css-variables, 
/angular/theming/dark-mode, 
/flutter/theming/dark-mode, 
/react/theming/dark-mode, 
/react-native/theming/dark-mode, 
/vue/theming/dark-mode, 
/angular/theming/default-theme, 
/react/theming/default-theme, 
/vue/theming/default-theme, 
/angular/theming/responsive, 
/react/theming/responsive, 
/vue/theming/responsive, 
/react/theming/style-props, 
/react/theming/theme-provider, 
/react/getting-started/usage/nextjs, 
/angular/theming/default-theme/colors, 
/react/theming/default-theme/colors, 
/vue/theming/default-theme/colors, 
/angular/theming/default-theme/sizes, 
/react/theming/default-theme/sizes, 
/vue/theming/default-theme/sizes, 
/angular/theming/default-theme/typography, 
/react/theming/default-theme/typography, 
/vue/theming/default-theme/typography"
`;
