// Jest Snapshot v1, https://goo.gl/fbAQLP

exports[`Sitemap Snapshot 1`] = `
"https://localhost:5001/, 
https://localhost:5001/android, 
https://localhost:5001/android/connected-components/authenticator, 
https://localhost:5001/android/connected-components/authenticator/configuration, 
https://localhost:5001/android/connected-components/authenticator/customization, 
https://localhost:5001/android/connected-components/liveness, 
https://localhost:5001/android/connected-components/liveness/customization, 
https://localhost:5001/android/connected-components/liveness/troubleshooting, 
https://localhost:5001/android/getting-started/installation, 
https://localhost:5001/android/getting-started/introduction, 
https://localhost:5001/angular, 
https://localhost:5001/angular/connected-components/authenticator, 
https://localhost:5001/angular/connected-components/authenticator/advanced, 
https://localhost:5001/angular/connected-components/authenticator/configuration, 
https://localhost:5001/angular/connected-components/authenticator/customization, 
https://localhost:5001/angular/getting-started/accessibility, 
https://localhost:5001/angular/getting-started/installation, 
https://localhost:5001/angular/getting-started/introduction, 
https://localhost:5001/angular/getting-started/migration, 
https://localhost:5001/angular/getting-started/troubleshooting, 
https://localhost:5001/angular/getting-started/usage, 
https://localhost:5001/angular/guides/css-in-js, 
https://localhost:5001/angular/theming, 
https://localhost:5001/angular/theming/css-variables, 
https://localhost:5001/angular/theming/dark-mode, 
https://localhost:5001/angular/theming/default-theme, 
https://localhost:5001/angular/theming/default-theme/colors, 
https://localhost:5001/angular/theming/default-theme/sizes, 
https://localhost:5001/angular/theming/default-theme/typography, 
https://localhost:5001/angular/theming/responsive, 
https://localhost:5001/flutter, 
https://localhost:5001/flutter/connected-components/authenticator, 
https://localhost:5001/flutter/connected-components/authenticator/configuration, 
https://localhost:5001/flutter/connected-components/authenticator/customization, 
https://localhost:5001/flutter/getting-started/installation, 
https://localhost:5001/flutter/getting-started/introduction, 
https://localhost:5001/flutter/theming, 
https://localhost:5001/flutter/theming/dark-mode, 
https://localhost:5001/react, 
https://localhost:5001/react-native, 
https://localhost:5001/react-native/connected-components/authenticator, 
https://localhost:5001/react-native/connected-components/authenticator/advanced, 
https://localhost:5001/react-native/connected-components/authenticator/configuration, 
https://localhost:5001/react-native/connected-components/authenticator/customization, 
https://localhost:5001/react-native/connected-components/in-app-messaging, 
https://localhost:5001/react-native/getting-started/installation, 
https://localhost:5001/react-native/getting-started/introduction, 
https://localhost:5001/react-native/getting-started/usage, 
https://localhost:5001/react-native/theming, 
https://localhost:5001/react-native/theming/dark-mode, 
https://localhost:5001/react/components, 
https://localhost:5001/react/components/accordion, 
https://localhost:5001/react/components/alert, 
https://localhost:5001/react/components/autocomplete, 
https://localhost:5001/react/components/badge, 
https://localhost:5001/react/components/breadcrumbs, 
https://localhost:5001/react/components/button, 
https://localhost:5001/react/components/card, 
https://localhost:5001/react/components/checkboxfield, 
https://localhost:5001/react/components/collection, 
https://localhost:5001/react/components/divider, 
https://localhost:5001/react/components/dropzone, 
https://localhost:5001/react/components/fieldset, 
https://localhost:5001/react/components/flex, 
https://localhost:5001/react/components/grid, 
https://localhost:5001/react/components/heading, 
https://localhost:5001/react/components/highlightmatch, 
https://localhost:5001/react/components/icon, 
https://localhost:5001/react/components/image, 
https://localhost:5001/react/components/input, 
https://localhost:5001/react/components/label, 
https://localhost:5001/react/components/link, 
https://localhost:5001/react/components/loader, 
https://localhost:5001/react/components/menu, 
https://localhost:5001/react/components/message, 
https://localhost:5001/react/components/pagination, 
https://localhost:5001/react/components/passwordfield, 
https://localhost:5001/react/components/phonenumberfield, 
https://localhost:5001/react/components/placeholder, 
https://localhost:5001/react/components/radiogroupfield, 
https://localhost:5001/react/components/rating, 
https://localhost:5001/react/components/scrollview, 
https://localhost:5001/react/components/searchfield, 
https://localhost:5001/react/components/selectfield, 
https://localhost:5001/react/components/sliderfield, 
https://localhost:5001/react/components/stepperfield, 
https://localhost:5001/react/components/switchfield, 
https://localhost:5001/react/components/table, 
https://localhost:5001/react/components/tabs, 
https://localhost:5001/react/components/text, 
https://localhost:5001/react/components/textareafield, 
https://localhost:5001/react/components/textfield, 
https://localhost:5001/react/components/togglebutton, 
https://localhost:5001/react/components/view, 
https://localhost:5001/react/components/visuallyhidden, 
https://localhost:5001/react/connected-components/account-settings, 
https://localhost:5001/react/connected-components/account-settings/change-password, 
https://localhost:5001/react/connected-components/account-settings/delete-user, 
https://localhost:5001/react/connected-components/authenticator, 
https://localhost:5001/react/connected-components/authenticator/advanced, 
https://localhost:5001/react/connected-components/authenticator/configuration, 
https://localhost:5001/react/connected-components/authenticator/customization, 
https://localhost:5001/react/connected-components/geo, 
https://localhost:5001/react/connected-components/in-app-messaging, 
https://localhost:5001/react/connected-components/liveness, 
https://localhost:5001/react/connected-components/liveness/customization, 
https://localhost:5001/react/connected-components/liveness/troubleshooting, 
https://localhost:5001/react/connected-components/storage, 
https://localhost:5001/react/connected-components/storage/storageimage, 
https://localhost:5001/react/connected-components/storage/storagemanager, 
https://localhost:5001/react/getting-started/accessibility, 
https://localhost:5001/react/getting-started/figma, 
https://localhost:5001/react/getting-started/installation, 
https://localhost:5001/react/getting-started/internationalization, 
https://localhost:5001/react/getting-started/introduction, 
https://localhost:5001/react/getting-started/migration, 
https://localhost:5001/react/getting-started/troubleshooting, 
https://localhost:5001/react/getting-started/usage, 
https://localhost:5001/react/getting-started/usage/nextjs, 
https://localhost:5001/react/getting-started/usage/vite, 
https://localhost:5001/react/guides, 
https://localhost:5001/react/guides/auth-protected, 
https://localhost:5001/react/guides/css-in-js, 
https://localhost:5001/react/theming, 
https://localhost:5001/react/theming/css-variables, 
https://localhost:5001/react/theming/dark-mode, 
https://localhost:5001/react/theming/default-theme, 
https://localhost:5001/react/theming/default-theme/colors, 
https://localhost:5001/react/theming/default-theme/sizes, 
https://localhost:5001/react/theming/default-theme/typography, 
https://localhost:5001/react/theming/icons, 
https://localhost:5001/react/theming/responsive, 
https://localhost:5001/react/theming/style-props, 
https://localhost:5001/react/theming/theme-provider, 
https://localhost:5001/swift, 
https://localhost:5001/swift/connected-components/authenticator, 
https://localhost:5001/swift/connected-components/authenticator/configuration, 
https://localhost:5001/swift/connected-components/authenticator/customization, 
https://localhost:5001/swift/connected-components/liveness, 
https://localhost:5001/swift/connected-components/liveness/customization, 
https://localhost:5001/swift/connected-components/liveness/troubleshooting, 
https://localhost:5001/swift/getting-started/introduction, 
https://localhost:5001/vue, 
https://localhost:5001/vue/connected-components/authenticator, 
https://localhost:5001/vue/connected-components/authenticator/advanced, 
https://localhost:5001/vue/connected-components/authenticator/configuration, 
https://localhost:5001/vue/connected-components/authenticator/customization, 
https://localhost:5001/vue/getting-started/accessibility, 
https://localhost:5001/vue/getting-started/installation, 
https://localhost:5001/vue/getting-started/introduction, 
https://localhost:5001/vue/getting-started/migration, 
https://localhost:5001/vue/getting-started/troubleshooting, 
https://localhost:5001/vue/getting-started/usage, 
https://localhost:5001/vue/guides/css-in-js, 
https://localhost:5001/vue/theming, 
https://localhost:5001/vue/theming/css-variables, 
https://localhost:5001/vue/theming/dark-mode, 
https://localhost:5001/vue/theming/default-theme, 
https://localhost:5001/vue/theming/default-theme/colors, 
https://localhost:5001/vue/theming/default-theme/sizes, 
https://localhost:5001/vue/theming/default-theme/typography, 
https://localhost:5001/vue/theming/responsive"
`;
